// Jest Snapshot v1, https://goo.gl/fbAQLP

exports[`PatientCard matches snapshot 1`] = `
<DocumentFragment>
  <a
    href="/detail/1"
  >
    <li
      class="container"
    >
      <p>
        1
      </p>
      <p>
        John Doe
      </p>
    </li>
  </a>
</DocumentFragment>
`;
